{
    "SGDEMUX": {
        "content": [
            178,
            {
                "FALCO": {
                    "falco": "1.2.1"
                },
                "FASTP": {
                    "fastp": "0.23.4"
                },
                "MD5SUM": {
                    "md5sum": 8.3
                },
                "SGDEMUX": {
                    "sgdemux": "1.1.1"
                },
                "UNTAR_FLOWCELL": {
                    "untar": 1.34
                },
                "Workflow": {
                    "nf-core/demultiplex": "v1.5.2"
                }
            },
            [
                "fastq",
                "fastq/Undetermined_S25_L001.samplesheet.csv",
                "fastq/s10_S10_L001.samplesheet.csv",
                "fastq/s11_S11_L001.samplesheet.csv",
                "fastq/s12_S12_L001.samplesheet.csv",
                "fastq/s13_S13_L001.samplesheet.csv",
                "fastq/s14_S14_L001.samplesheet.csv",
                "fastq/s15_S15_L001.samplesheet.csv",
                "fastq/s16_S16_L001.samplesheet.csv",
                "fastq/s17_S17_L001.samplesheet.csv",
                "fastq/s18_S18_L001.samplesheet.csv",
                "fastq/s19_S19_L001.samplesheet.csv",
                "fastq/s1_S1_L001.samplesheet.csv",
                "fastq/s20_S20_L001.samplesheet.csv",
                "fastq/s21_S21_L001.samplesheet.csv",
                "fastq/s22_S22_L001.samplesheet.csv",
                "fastq/s23_S23_L001.samplesheet.csv",
                "fastq/s24_S24_L001.samplesheet.csv",
                "fastq/s2_S2_L001.samplesheet.csv",
                "fastq/s3_S3_L001.samplesheet.csv",
                "fastq/s4_S4_L001.samplesheet.csv",
                "fastq/s5_S5_L001.samplesheet.csv",
                "fastq/s6_S6_L001.samplesheet.csv",
                "fastq/s7_S7_L001.samplesheet.csv",
                "fastq/s8_S8_L001.samplesheet.csv",
                "fastq/s9_S9_L001.samplesheet.csv",
                "pipeline_info",
                "pipeline_info/nf_core_pipeline_software_mqc_versions.yml",
                "samplesheet",
                "samplesheet/atacseq_samplesheet.csv",
                "samplesheet/rnaseq_samplesheet.csv",
                "samplesheet/taxprofiler_samplesheet.csv",
                "sim-data",
                "sim-data.csv",
                "sim-data/Undetermined_S25_L001.fastp.html",
                "sim-data/Undetermined_S25_L001.fastp.json",
                "sim-data/Undetermined_S25_L001_1.fastp.fastq.gz",
                "sim-data/Undetermined_S25_L001_1.fastp.fastq.gz.md5",
                "sim-data/Undetermined_S25_L001_1.fastp.fastq.gz_fastqc_data.txt",
                "sim-data/Undetermined_S25_L001_1.fastp.fastq.gz_fastqc_report.html",
                "sim-data/Undetermined_S25_L001_1.fastp.fastq.gz_summary.txt",
                "sim-data/Undetermined_S25_L001_2.fastp.fastq.gz",
                "sim-data/Undetermined_S25_L001_2.fastp.fastq.gz.md5",
                "sim-data/Undetermined_S25_L001_2.fastp.fastq.gz_fastqc_data.txt",
                "sim-data/Undetermined_S25_L001_2.fastp.fastq.gz_fastqc_report.html",
                "sim-data/Undetermined_S25_L001_2.fastp.fastq.gz_summary.txt",
                "sim-data/metrics.tsv",
                "sim-data/most_frequent_unmatched.tsv",
                "sim-data/per_project_metrics.tsv",
                "sim-data/per_sample_metrics.tsv",
                "sim-data/s10_S10_L001.fastp.html",
                "sim-data/s10_S10_L001.fastp.json",
                "sim-data/s10_S10_L001_1.fastp.fastq.gz",
                "sim-data/s10_S10_L001_1.fastp.fastq.gz.md5",
                "sim-data/s10_S10_L001_1.fastp.fastq.gz_fastqc_data.txt",
                "sim-data/s10_S10_L001_1.fastp.fastq.gz_fastqc_report.html",
                "sim-data/s10_S10_L001_1.fastp.fastq.gz_summary.txt",
                "sim-data/s10_S10_L001_2.fastp.fastq.gz",
                "sim-data/s10_S10_L001_2.fastp.fastq.gz.md5",
                "sim-data/s10_S10_L001_2.fastp.fastq.gz_fastqc_data.txt",
                "sim-data/s10_S10_L001_2.fastp.fastq.gz_fastqc_report.html",
                "sim-data/s10_S10_L001_2.fastp.fastq.gz_summary.txt",
                "sim-data/s11_S11_L001.fastp.html",
                "sim-data/s11_S11_L001.fastp.json",
                "sim-data/s11_S11_L001_1.fastp.fastq.gz",
                "sim-data/s11_S11_L001_1.fastp.fastq.gz.md5",
                "sim-data/s11_S11_L001_1.fastp.fastq.gz_fastqc_data.txt",
                "sim-data/s11_S11_L001_1.fastp.fastq.gz_fastqc_report.html",
                "sim-data/s11_S11_L001_1.fastp.fastq.gz_summary.txt",
                "sim-data/s11_S11_L001_2.fastp.fastq.gz",
                "sim-data/s11_S11_L001_2.fastp.fastq.gz.md5",
                "sim-data/s11_S11_L001_2.fastp.fastq.gz_fastqc_data.txt",
                "sim-data/s11_S11_L001_2.fastp.fastq.gz_fastqc_report.html",
                "sim-data/s11_S11_L001_2.fastp.fastq.gz_summary.txt",
                "sim-data/s12_S12_L001.fastp.html",
                "sim-data/s12_S12_L001.fastp.json",
                "sim-data/s12_S12_L001_1.fastp.fastq.gz",
                "sim-data/s12_S12_L001_1.fastp.fastq.gz.md5",
                "sim-data/s12_S12_L001_1.fastp.fastq.gz_fastqc_data.txt",
                "sim-data/s12_S12_L001_1.fastp.fastq.gz_fastqc_report.html",
                "sim-data/s12_S12_L001_1.fastp.fastq.gz_summary.txt",
                "sim-data/s12_S12_L001_2.fastp.fastq.gz",
                "sim-data/s12_S12_L001_2.fastp.fastq.gz.md5",
                "sim-data/s12_S12_L001_2.fastp.fastq.gz_fastqc_data.txt",
                "sim-data/s12_S12_L001_2.fastp.fastq.gz_fastqc_report.html",
                "sim-data/s12_S12_L001_2.fastp.fastq.gz_summary.txt",
                "sim-data/s13_S13_L001.fastp.html",
                "sim-data/s13_S13_L001.fastp.json",
                "sim-data/s13_S13_L001_1.fastp.fastq.gz",
                "sim-data/s13_S13_L001_1.fastp.fastq.gz.md5",
                "sim-data/s13_S13_L001_1.fastp.fastq.gz_fastqc_data.txt",
                "sim-data/s13_S13_L001_1.fastp.fastq.gz_fastqc_report.html",
                "sim-data/s13_S13_L001_1.fastp.fastq.gz_summary.txt",
                "sim-data/s13_S13_L001_2.fastp.fastq.gz",
                "sim-data/s13_S13_L001_2.fastp.fastq.gz.md5",
                "sim-data/s13_S13_L001_2.fastp.fastq.gz_fastqc_data.txt",
                "sim-data/s13_S13_L001_2.fastp.fastq.gz_fastqc_report.html",
                "sim-data/s13_S13_L001_2.fastp.fastq.gz_summary.txt",
                "sim-data/s14_S14_L001.fastp.html",
                "sim-data/s14_S14_L001.fastp.json",
                "sim-data/s14_S14_L001_1.fastp.fastq.gz",
                "sim-data/s14_S14_L001_1.fastp.fastq.gz.md5",
                "sim-data/s14_S14_L001_1.fastp.fastq.gz_fastqc_data.txt",
                "sim-data/s14_S14_L001_1.fastp.fastq.gz_fastqc_report.html",
                "sim-data/s14_S14_L001_1.fastp.fastq.gz_summary.txt",
                "sim-data/s14_S14_L001_2.fastp.fastq.gz",
                "sim-data/s14_S14_L001_2.fastp.fastq.gz.md5",
                "sim-data/s14_S14_L001_2.fastp.fastq.gz_fastqc_data.txt",
                "sim-data/s14_S14_L001_2.fastp.fastq.gz_fastqc_report.html",
                "sim-data/s14_S14_L001_2.fastp.fastq.gz_summary.txt",
                "sim-data/s15_S15_L001.fastp.html",
                "sim-data/s15_S15_L001.fastp.json",
                "sim-data/s15_S15_L001_1.fastp.fastq.gz",
                "sim-data/s15_S15_L001_1.fastp.fastq.gz.md5",
                "sim-data/s15_S15_L001_1.fastp.fastq.gz_fastqc_data.txt",
                "sim-data/s15_S15_L001_1.fastp.fastq.gz_fastqc_report.html",
                "sim-data/s15_S15_L001_1.fastp.fastq.gz_summary.txt",
                "sim-data/s15_S15_L001_2.fastp.fastq.gz",
                "sim-data/s15_S15_L001_2.fastp.fastq.gz.md5",
                "sim-data/s15_S15_L001_2.fastp.fastq.gz_fastqc_data.txt",
                "sim-data/s15_S15_L001_2.fastp.fastq.gz_fastqc_report.html",
                "sim-data/s15_S15_L001_2.fastp.fastq.gz_summary.txt",
                "sim-data/s16_S16_L001.fastp.html",
                "sim-data/s16_S16_L001.fastp.json",
                "sim-data/s16_S16_L001_1.fastp.fastq.gz",
                "sim-data/s16_S16_L001_1.fastp.fastq.gz.md5",
                "sim-data/s16_S16_L001_1.fastp.fastq.gz_fastqc_data.txt",
                "sim-data/s16_S16_L001_1.fastp.fastq.gz_fastqc_report.html",
                "sim-data/s16_S16_L001_1.fastp.fastq.gz_summary.txt",
                "sim-data/s16_S16_L001_2.fastp.fastq.gz",
                "sim-data/s16_S16_L001_2.fastp.fastq.gz.md5",
                "sim-data/s16_S16_L001_2.fastp.fastq.gz_fastqc_data.txt",
                "sim-data/s16_S16_L001_2.fastp.fastq.gz_fastqc_report.html",
                "sim-data/s16_S16_L001_2.fastp.fastq.gz_summary.txt",
                "sim-data/s17_S17_L001.fastp.html",
                "sim-data/s17_S17_L001.fastp.json",
                "sim-data/s17_S17_L001_1.fastp.fastq.gz",
                "sim-data/s17_S17_L001_1.fastp.fastq.gz.md5",
                "sim-data/s17_S17_L001_1.fastp.fastq.gz_fastqc_data.txt",
                "sim-data/s17_S17_L001_1.fastp.fastq.gz_fastqc_report.html",
                "sim-data/s17_S17_L001_1.fastp.fastq.gz_summary.txt",
                "sim-data/s17_S17_L001_2.fastp.fastq.gz",
                "sim-data/s17_S17_L001_2.fastp.fastq.gz.md5",
                "sim-data/s17_S17_L001_2.fastp.fastq.gz_fastqc_data.txt",
                "sim-data/s17_S17_L001_2.fastp.fastq.gz_fastqc_report.html",
                "sim-data/s17_S17_L001_2.fastp.fastq.gz_summary.txt",
                "sim-data/s18_S18_L001.fastp.html",
                "sim-data/s18_S18_L001.fastp.json",
                "sim-data/s18_S18_L001_1.fastp.fastq.gz",
                "sim-data/s18_S18_L001_1.fastp.fastq.gz.md5",
                "sim-data/s18_S18_L001_1.fastp.fastq.gz_fastqc_data.txt",
                "sim-data/s18_S18_L001_1.fastp.fastq.gz_fastqc_report.html",
                "sim-data/s18_S18_L001_1.fastp.fastq.gz_summary.txt",
                "sim-data/s18_S18_L001_2.fastp.fastq.gz",
                "sim-data/s18_S18_L001_2.fastp.fastq.gz.md5",
                "sim-data/s18_S18_L001_2.fastp.fastq.gz_fastqc_data.txt",
                "sim-data/s18_S18_L001_2.fastp.fastq.gz_fastqc_report.html",
                "sim-data/s18_S18_L001_2.fastp.fastq.gz_summary.txt",
                "sim-data/s19_S19_L001.fastp.html",
                "sim-data/s19_S19_L001.fastp.json",
                "sim-data/s19_S19_L001_1.fastp.fastq.gz",
                "sim-data/s19_S19_L001_1.fastp.fastq.gz.md5",
                "sim-data/s19_S19_L001_1.fastp.fastq.gz_fastqc_data.txt",
                "sim-data/s19_S19_L001_1.fastp.fastq.gz_fastqc_report.html",
                "sim-data/s19_S19_L001_1.fastp.fastq.gz_summary.txt",
                "sim-data/s19_S19_L001_2.fastp.fastq.gz",
                "sim-data/s19_S19_L001_2.fastp.fastq.gz.md5",
                "sim-data/s19_S19_L001_2.fastp.fastq.gz_fastqc_data.txt",
                "sim-data/s19_S19_L001_2.fastp.fastq.gz_fastqc_report.html",
                "sim-data/s19_S19_L001_2.fastp.fastq.gz_summary.txt",
                "sim-data/s1_S1_L001.fastp.html",
                "sim-data/s1_S1_L001.fastp.json",
                "sim-data/s1_S1_L001_1.fastp.fastq.gz",
                "sim-data/s1_S1_L001_1.fastp.fastq.gz.md5",
                "sim-data/s1_S1_L001_1.fastp.fastq.gz_fastqc_data.txt",
                "sim-data/s1_S1_L001_1.fastp.fastq.gz_fastqc_report.html",
                "sim-data/s1_S1_L001_1.fastp.fastq.gz_summary.txt",
                "sim-data/s1_S1_L001_2.fastp.fastq.gz",
                "sim-data/s1_S1_L001_2.fastp.fastq.gz.md5",
                "sim-data/s1_S1_L001_2.fastp.fastq.gz_fastqc_data.txt",
                "sim-data/s1_S1_L001_2.fastp.fastq.gz_fastqc_report.html",
                "sim-data/s1_S1_L001_2.fastp.fastq.gz_summary.txt",
                "sim-data/s20_S20_L001.fastp.html",
                "sim-data/s20_S20_L001.fastp.json",
                "sim-data/s20_S20_L001_1.fastp.fastq.gz",
                "sim-data/s20_S20_L001_1.fastp.fastq.gz.md5",
                "sim-data/s20_S20_L001_1.fastp.fastq.gz_fastqc_data.txt",
                "sim-data/s20_S20_L001_1.fastp.fastq.gz_fastqc_report.html",
                "sim-data/s20_S20_L001_1.fastp.fastq.gz_summary.txt",
                "sim-data/s20_S20_L001_2.fastp.fastq.gz",
                "sim-data/s20_S20_L001_2.fastp.fastq.gz.md5",
                "sim-data/s20_S20_L001_2.fastp.fastq.gz_fastqc_data.txt",
                "sim-data/s20_S20_L001_2.fastp.fastq.gz_fastqc_report.html",
                "sim-data/s20_S20_L001_2.fastp.fastq.gz_summary.txt",
                "sim-data/s21_S21_L001.fastp.html",
                "sim-data/s21_S21_L001.fastp.json",
                "sim-data/s21_S21_L001_1.fastp.fastq.gz",
                "sim-data/s21_S21_L001_1.fastp.fastq.gz.md5",
                "sim-data/s21_S21_L001_1.fastp.fastq.gz_fastqc_data.txt",
                "sim-data/s21_S21_L001_1.fastp.fastq.gz_fastqc_report.html",
                "sim-data/s21_S21_L001_1.fastp.fastq.gz_summary.txt",
                "sim-data/s21_S21_L001_2.fastp.fastq.gz",
                "sim-data/s21_S21_L001_2.fastp.fastq.gz.md5",
                "sim-data/s21_S21_L001_2.fastp.fastq.gz_fastqc_data.txt",
                "sim-data/s21_S21_L001_2.fastp.fastq.gz_fastqc_report.html",
                "sim-data/s21_S21_L001_2.fastp.fastq.gz_summary.txt",
                "sim-data/s22_S22_L001.fastp.html",
                "sim-data/s22_S22_L001.fastp.json",
                "sim-data/s22_S22_L001_1.fastp.fastq.gz",
                "sim-data/s22_S22_L001_1.fastp.fastq.gz.md5",
                "sim-data/s22_S22_L001_1.fastp.fastq.gz_fastqc_data.txt",
                "sim-data/s22_S22_L001_1.fastp.fastq.gz_fastqc_report.html",
                "sim-data/s22_S22_L001_1.fastp.fastq.gz_summary.txt",
                "sim-data/s22_S22_L001_2.fastp.fastq.gz",
                "sim-data/s22_S22_L001_2.fastp.fastq.gz.md5",
                "sim-data/s22_S22_L001_2.fastp.fastq.gz_fastqc_data.txt",
                "sim-data/s22_S22_L001_2.fastp.fastq.gz_fastqc_report.html",
                "sim-data/s22_S22_L001_2.fastp.fastq.gz_summary.txt",
                "sim-data/s23_S23_L001.fastp.html",
                "sim-data/s23_S23_L001.fastp.json",
                "sim-data/s23_S23_L001_1.fastp.fastq.gz",
                "sim-data/s23_S23_L001_1.fastp.fastq.gz.md5",
                "sim-data/s23_S23_L001_1.fastp.fastq.gz_fastqc_data.txt",
                "sim-data/s23_S23_L001_1.fastp.fastq.gz_fastqc_report.html",
                "sim-data/s23_S23_L001_1.fastp.fastq.gz_summary.txt",
                "sim-data/s23_S23_L001_2.fastp.fastq.gz",
                "sim-data/s23_S23_L001_2.fastp.fastq.gz.md5",
                "sim-data/s23_S23_L001_2.fastp.fastq.gz_fastqc_data.txt",
                "sim-data/s23_S23_L001_2.fastp.fastq.gz_fastqc_report.html",
                "sim-data/s23_S23_L001_2.fastp.fastq.gz_summary.txt",
                "sim-data/s24_S24_L001.fastp.html",
                "sim-data/s24_S24_L001.fastp.json",
                "sim-data/s24_S24_L001_1.fastp.fastq.gz",
                "sim-data/s24_S24_L001_1.fastp.fastq.gz.md5",
                "sim-data/s24_S24_L001_1.fastp.fastq.gz_fastqc_data.txt",
                "sim-data/s24_S24_L001_1.fastp.fastq.gz_fastqc_report.html",
                "sim-data/s24_S24_L001_1.fastp.fastq.gz_summary.txt",
                "sim-data/s24_S24_L001_2.fastp.fastq.gz",
                "sim-data/s24_S24_L001_2.fastp.fastq.gz.md5",
                "sim-data/s24_S24_L001_2.fastp.fastq.gz_fastqc_data.txt",
                "sim-data/s24_S24_L001_2.fastp.fastq.gz_fastqc_report.html",
                "sim-data/s24_S24_L001_2.fastp.fastq.gz_summary.txt",
                "sim-data/s2_S2_L001.fastp.html",
                "sim-data/s2_S2_L001.fastp.json",
                "sim-data/s2_S2_L001_1.fastp.fastq.gz",
                "sim-data/s2_S2_L001_1.fastp.fastq.gz.md5",
                "sim-data/s2_S2_L001_1.fastp.fastq.gz_fastqc_data.txt",
                "sim-data/s2_S2_L001_1.fastp.fastq.gz_fastqc_report.html",
                "sim-data/s2_S2_L001_1.fastp.fastq.gz_summary.txt",
                "sim-data/s2_S2_L001_2.fastp.fastq.gz",
                "sim-data/s2_S2_L001_2.fastp.fastq.gz.md5",
                "sim-data/s2_S2_L001_2.fastp.fastq.gz_fastqc_data.txt",
                "sim-data/s2_S2_L001_2.fastp.fastq.gz_fastqc_report.html",
                "sim-data/s2_S2_L001_2.fastp.fastq.gz_summary.txt",
                "sim-data/s3_S3_L001.fastp.html",
                "sim-data/s3_S3_L001.fastp.json",
                "sim-data/s3_S3_L001_1.fastp.fastq.gz",
                "sim-data/s3_S3_L001_1.fastp.fastq.gz.md5",
                "sim-data/s3_S3_L001_1.fastp.fastq.gz_fastqc_data.txt",
                "sim-data/s3_S3_L001_1.fastp.fastq.gz_fastqc_report.html",
                "sim-data/s3_S3_L001_1.fastp.fastq.gz_summary.txt",
                "sim-data/s3_S3_L001_2.fastp.fastq.gz",
                "sim-data/s3_S3_L001_2.fastp.fastq.gz.md5",
                "sim-data/s3_S3_L001_2.fastp.fastq.gz_fastqc_data.txt",
                "sim-data/s3_S3_L001_2.fastp.fastq.gz_fastqc_report.html",
                "sim-data/s3_S3_L001_2.fastp.fastq.gz_summary.txt",
                "sim-data/s4_S4_L001.fastp.html",
                "sim-data/s4_S4_L001.fastp.json",
                "sim-data/s4_S4_L001_1.fastp.fastq.gz",
                "sim-data/s4_S4_L001_1.fastp.fastq.gz.md5",
                "sim-data/s4_S4_L001_1.fastp.fastq.gz_fastqc_data.txt",
                "sim-data/s4_S4_L001_1.fastp.fastq.gz_fastqc_report.html",
                "sim-data/s4_S4_L001_1.fastp.fastq.gz_summary.txt",
                "sim-data/s4_S4_L001_2.fastp.fastq.gz",
                "sim-data/s4_S4_L001_2.fastp.fastq.gz.md5",
                "sim-data/s4_S4_L001_2.fastp.fastq.gz_fastqc_data.txt",
                "sim-data/s4_S4_L001_2.fastp.fastq.gz_fastqc_report.html",
                "sim-data/s4_S4_L001_2.fastp.fastq.gz_summary.txt",
                "sim-data/s5_S5_L001.fastp.html",
                "sim-data/s5_S5_L001.fastp.json",
                "sim-data/s5_S5_L001_1.fastp.fastq.gz",
                "sim-data/s5_S5_L001_1.fastp.fastq.gz.md5",
                "sim-data/s5_S5_L001_1.fastp.fastq.gz_fastqc_data.txt",
                "sim-data/s5_S5_L001_1.fastp.fastq.gz_fastqc_report.html",
                "sim-data/s5_S5_L001_1.fastp.fastq.gz_summary.txt",
                "sim-data/s5_S5_L001_2.fastp.fastq.gz",
                "sim-data/s5_S5_L001_2.fastp.fastq.gz.md5",
                "sim-data/s5_S5_L001_2.fastp.fastq.gz_fastqc_data.txt",
                "sim-data/s5_S5_L001_2.fastp.fastq.gz_fastqc_report.html",
                "sim-data/s5_S5_L001_2.fastp.fastq.gz_summary.txt",
                "sim-data/s6_S6_L001.fastp.html",
                "sim-data/s6_S6_L001.fastp.json",
                "sim-data/s6_S6_L001_1.fastp.fastq.gz",
                "sim-data/s6_S6_L001_1.fastp.fastq.gz.md5",
                "sim-data/s6_S6_L001_1.fastp.fastq.gz_fastqc_data.txt",
                "sim-data/s6_S6_L001_1.fastp.fastq.gz_fastqc_report.html",
                "sim-data/s6_S6_L001_1.fastp.fastq.gz_summary.txt",
                "sim-data/s6_S6_L001_2.fastp.fastq.gz",
                "sim-data/s6_S6_L001_2.fastp.fastq.gz.md5",
                "sim-data/s6_S6_L001_2.fastp.fastq.gz_fastqc_data.txt",
                "sim-data/s6_S6_L001_2.fastp.fastq.gz_fastqc_report.html",
                "sim-data/s6_S6_L001_2.fastp.fastq.gz_summary.txt",
                "sim-data/s7_S7_L001.fastp.html",
                "sim-data/s7_S7_L001.fastp.json",
                "sim-data/s7_S7_L001_1.fastp.fastq.gz",
                "sim-data/s7_S7_L001_1.fastp.fastq.gz.md5",
                "sim-data/s7_S7_L001_1.fastp.fastq.gz_fastqc_data.txt",
                "sim-data/s7_S7_L001_1.fastp.fastq.gz_fastqc_report.html",
                "sim-data/s7_S7_L001_1.fastp.fastq.gz_summary.txt",
                "sim-data/s7_S7_L001_2.fastp.fastq.gz",
                "sim-data/s7_S7_L001_2.fastp.fastq.gz.md5",
                "sim-data/s7_S7_L001_2.fastp.fastq.gz_fastqc_data.txt",
                "sim-data/s7_S7_L001_2.fastp.fastq.gz_fastqc_report.html",
                "sim-data/s7_S7_L001_2.fastp.fastq.gz_summary.txt",
                "sim-data/s8_S8_L001.fastp.html",
                "sim-data/s8_S8_L001.fastp.json",
                "sim-data/s8_S8_L001_1.fastp.fastq.gz",
                "sim-data/s8_S8_L001_1.fastp.fastq.gz.md5",
                "sim-data/s8_S8_L001_1.fastp.fastq.gz_fastqc_data.txt",
                "sim-data/s8_S8_L001_1.fastp.fastq.gz_fastqc_report.html",
                "sim-data/s8_S8_L001_1.fastp.fastq.gz_summary.txt",
                "sim-data/s8_S8_L001_2.fastp.fastq.gz",
                "sim-data/s8_S8_L001_2.fastp.fastq.gz.md5",
                "sim-data/s8_S8_L001_2.fastp.fastq.gz_fastqc_data.txt",
                "sim-data/s8_S8_L001_2.fastp.fastq.gz_fastqc_report.html",
                "sim-data/s8_S8_L001_2.fastp.fastq.gz_summary.txt",
                "sim-data/s9_S9_L001.fastp.html",
                "sim-data/s9_S9_L001.fastp.json",
                "sim-data/s9_S9_L001_1.fastp.fastq.gz",
                "sim-data/s9_S9_L001_1.fastp.fastq.gz.md5",
                "sim-data/s9_S9_L001_1.fastp.fastq.gz_fastqc_data.txt",
                "sim-data/s9_S9_L001_1.fastp.fastq.gz_fastqc_report.html",
                "sim-data/s9_S9_L001_1.fastp.fastq.gz_summary.txt",
                "sim-data/s9_S9_L001_2.fastp.fastq.gz",
                "sim-data/s9_S9_L001_2.fastp.fastq.gz.md5",
                "sim-data/s9_S9_L001_2.fastp.fastq.gz_fastqc_data.txt",
                "sim-data/s9_S9_L001_2.fastp.fastq.gz_fastqc_report.html",
                "sim-data/s9_S9_L001_2.fastp.fastq.gz_summary.txt",
                "sim-data/sample_barcode_hop_metrics.tsv"
            ],
            [
                "atacseq_samplesheet.csv:md5,06f0b7297e6dbf8c36ff5c1bdee557bb",
                "rnaseq_samplesheet.csv:md5,135d17fff6382bea7b5ec71e7252df1e",
                "taxprofiler_samplesheet.csv:md5,54f51c0d30b0245e3f7b45445ac70c44",
                "sim-data.csv:md5,a5ea0ad63c5df73b5fc2436dd8d9dbfe",
                "Undetermined_S25_L001.fastp.json:md5,577922aa75bb6ab549ed7699ae45becc",
                "metrics.tsv:md5,7627e4bd2a56ea551fd74b4a2b5cb4b2",
                "per_project_metrics.tsv:md5,7393bc580c8ed8431107ad3dd00a7d2a",
                "per_sample_metrics.tsv:md5,fb8ce024ad2508e7b22a4af65fe44358",
                "s10_S10_L001.fastp.json:md5,80d48c6afeade19ad0d7abf001cd95c5",
                "s11_S11_L001.fastp.json:md5,69c21db3faf4208f655d0188c64b2368",
                "s12_S12_L001.fastp.json:md5,6c79234c342d223124a5ebedf05160c0",
                "s13_S13_L001.fastp.json:md5,158cd7b4e8fad3d8a94589b302b83f72",
                "s14_S14_L001.fastp.json:md5,afd266c7c3ec51f1a12dc8bc78a72679",
                "s15_S15_L001.fastp.json:md5,ad5562b2e1dae32e7e0f2cf9b513ffc0",
                "s16_S16_L001.fastp.json:md5,cb64e853c84f114a9656e3447d64ddec",
                "s17_S17_L001.fastp.json:md5,9d0fb23f4f0f2f2ad884c9b0c2e63b4b",
                "s18_S18_L001.fastp.json:md5,3dc0e57ad9b6e43bb5ae899271168760",
                "s19_S19_L001.fastp.json:md5,4bf894d2ea823cfaa9815ade88052247",
                "s1_S1_L001.fastp.json:md5,0dee4ce864b6a67bea6978c0da10324a",
                "s20_S20_L001.fastp.json:md5,a68d9f92ae4d7aec288a66333f4a47a6",
                "s21_S21_L001.fastp.json:md5,39b0ff239f397b3401e68a33f2cd3b9c",
                "s22_S22_L001.fastp.json:md5,b53166d2c855f23743d0f97490f19188",
                "s23_S23_L001.fastp.json:md5,708c0041dc1dfc697f728c04c6641b10",
                "s24_S24_L001.fastp.json:md5,795c7967006f2118b5e03de8f2f725fa",
                "s2_S2_L001.fastp.json:md5,b6bf8ddbc93f1902eca96b2648ee3b4c",
                "s3_S3_L001.fastp.json:md5,128aaded1b45ae930d1930f9123216db",
                "s4_S4_L001.fastp.json:md5,bfc777692caeef686a843bc437e95c62",
                "s5_S5_L001.fastp.json:md5,6134ea1b573fcb10db241b23d45d0f7f",
                "s6_S6_L001.fastp.json:md5,d469259e79944977e78398650bc044aa",
                "s7_S7_L001.fastp.json:md5,7eb2472f134e22ea1923da56ff7fcd5a",
                "s8_S8_L001.fastp.json:md5,5bfcfe29a43c0d0ba8fac7fc9f084f04",
                "s9_S9_L001.fastp.json:md5,709a327e837b44dc186c3407b91ab9c4",
                "sample_barcode_hop_metrics.tsv:md5,d41d8cd98f00b204e9800998ecf8427e"
            ]
        ],
        "meta": {
            "nf-test": "0.9.0",
            "nextflow": "24.04.4"
        },
        "timestamp": "2024-10-17T19:04:04.078111423"
    }
}