{
    "fqtk": {
        "content": [
            "demux-metrics.txt:md5,1d587fa959f9129155314cf531103347"
        ],
        "meta": {
            "nf-test": "0.9.0",
            "nextflow": "24.04.3"
        },
        "timestamp": "2023-10-17T08:06:53+0000"
    },
    "software_versions": {
        "content": [
            "{CSV2TSV={sed=4.8}, FALCO={falco=1.2.1}, FASTP={fastp=0.23.4}, FQTK={fqtk=0.2.1}, MD5SUM={md5sum=8.3}, UNTAR_FLOWCELL={untar=1.34}, Workflow={nf-core/demultiplex=v1.5.1dev}}"
        ],
        "meta": {
            "nf-test": "0.9.0",
            "nextflow": "23.10.0"
        },
        "timestamp": "2024-08-02T19:57:17.122084549"
    }
}
