{
    "software_versions": {
        "content": [
            "{FALCO={falco=1.2.1}, FASTP={fastp=0.23.4}, MD5SUM={md5sum=8.3}, SGDEMUX={sgdemux=1.1.1}, UNTAR_FLOWCELL={untar=1.34}, Workflow={nf-core/demultiplex=v1.5.0dev}}"
        ],
        "meta": {
            "nf-test": "0.9.0",
            "nextflow": "23.10.0"
        },
        "timestamp": "2024-08-02T19:58:24.75171605"
    },
    "sgdemux": {
        "content": [
            "metrics.tsv:md5,7627e4bd2a56ea551fd74b4a2b5cb4b2",
            "per_project_metrics.tsv:md5,7393bc580c8ed8431107ad3dd00a7d2a",
            "per_sample_metrics.tsv:md5,fb8ce024ad2508e7b22a4af65fe44358",
            "sample_barcode_hop_metrics.tsv:md5,d41d8cd98f00b204e9800998ecf8427e"
        ],
        "meta": {
            "nf-test": "0.9.0",
            "nextflow": "23.10.4"
        },
        "timestamp": "2023-10-17T08:01:14+0000"
    }
}
